[0.024s][info][gc] Using The Z Garbage Collector
[0.382s][info][gc] GC(0) Garbage Collection (Warmup) 2M(10%)->4M(20%)
[0.441s][info][gc] GC(1) Garbage Collection (Warmup) 4M(20%)->4M(20%)
[17.440s][info][gc] GC(2) Garbage Collection (Warmup) 6M(30%)->6M(30%)
[20.059s][info][gc] GC(3) Garbage Collection (Allocation Rate) 14M(70%)->8M(40%)
[20.166s][info][gc] GC(4) Garbage Collection (Allocation Rate) 12M(60%)->10M(50%)
[20.250s][info][gc] GC(5) Garbage Collection (Allocation Rate) 14M(70%)->8M(40%)
[20.372s][info][gc] GC(6) Garbage Collection (Allocation Rate) 8M(40%)->10M(50%)
[20.458s][info][gc] GC(7) Garbage Collection (Allocation Rate) 10M(50%)->10M(50%)
[20.559s][info][gc] GC(8) Garbage Collection (Allocation Rate) 10M(50%)->10M(50%)
[20.660s][info][gc] GC(9) Garbage Collection (Allocation Rate) 10M(50%)->10M(50%)
[20.766s][info][gc] GC(10) Garbage Collection (Allocation Rate) 10M(50%)->10M(50%)
[20.868s][info][gc] GC(11) Garbage Collection (Allocation Rate) 12M(60%)->12M(60%)
[20.956s][info][gc] GC(12) Garbage Collection (Allocation Rate) 12M(60%)->12M(60%)
[21.059s][info][gc] GC(13) Garbage Collection (Allocation Rate) 12M(60%)->12M(60%)
[21.148s][info][gc] GC(14) Garbage Collection (Allocation Rate) 12M(60%)->12M(60%)
[21.249s][info][gc] GC(15) Garbage Collection (Allocation Rate) 12M(60%)->12M(60%)
[21.549s][info][gc] GC(16) Garbage Collection (Allocation Rate) 12M(60%)->12M(60%)
[21.651s][info][gc] GC(17) Garbage Collection (Allocation Rate) 12M(60%)->12M(60%)
[21.750s][info][gc] GC(18) Garbage Collection (Allocation Rate) 12M(60%)->12M(60%)
[27.062s][info][gc] GC(19) Garbage Collection (Proactive) 14M(70%)->12M(60%)
[36.969s][info][gc] GC(20) Garbage Collection (Proactive) 14M(70%)->10M(50%)
[39.755s][info][gc] GC(21) Garbage Collection (Proactive) 12M(60%)->8M(40%)
[41.360s][info][gc] GC(22) Garbage Collection (Allocation Rate) 16M(80%)->12M(60%)
[41.402s][info][gc] Allocation Stall (main) 25.455ms
[41.403s][info][gc] GC(23) Garbage Collection (Allocation Stall) 20M(100%)->16M(80%)
[41.430s][info][gc] Allocation Stall (main) 16.169ms
[41.431s][info][gc] GC(24) Garbage Collection (Allocation Stall) 20M(100%)->14M(70%)
[41.459s][info][gc] Allocation Stall (main) 17.706ms
[41.460s][info][gc] GC(25) Garbage Collection (Allocation Stall) 20M(100%)->16M(80%)
[41.562s][info][gc] GC(26) Garbage Collection (Allocation Rate) 18M(90%)->8M(40%)
[41.655s][info][gc] GC(27) Garbage Collection (Allocation Rate) 8M(40%)->8M(40%)
[41.748s][info][gc] GC(28) Garbage Collection (Allocation Rate) 8M(40%)->8M(40%)
[41.848s][info][gc] GC(29) Garbage Collection (Allocation Rate) 8M(40%)->8M(40%)
[41.963s][info][gc] GC(30) Garbage Collection (Allocation Rate) 10M(50%)->10M(50%)
[42.055s][info][gc] GC(31) Garbage Collection (Allocation Rate) 10M(50%)->8M(40%)
[42.154s][info][gc] GC(32) Garbage Collection (Allocation Rate) 8M(40%)->8M(40%)
[42.251s][info][gc] GC(33) Garbage Collection (Allocation Rate) 8M(40%)->8M(40%)
[42.547s][info][gc] GC(34) Garbage Collection (Allocation Rate) 8M(40%)->8M(40%)
[42.654s][info][gc] GC(35) Garbage Collection (Allocation Rate) 8M(40%)->8M(40%)
[42.755s][info][gc] GC(36) Garbage Collection (Allocation Rate) 8M(40%)->8M(40%)
[42.850s][info][gc] GC(37) Garbage Collection (Allocation Rate) 8M(40%)->8M(40%)
[42.964s][info][gc] GC(38) Garbage Collection (Allocation Rate) 10M(50%)->10M(50%)
[43.042s][info][gc] GC(39) Garbage Collection (Allocation Rate) 10M(50%)->10M(50%)
[43.145s][info][gc] GC(40) Garbage Collection (Allocation Rate) 10M(50%)->10M(50%)
[43.241s][info][gc] GC(41) Garbage Collection (Allocation Rate) 10M(50%)->10M(50%)
[44.647s][info][gc] GC(42) Garbage Collection (Proactive) 12M(60%)->10M(50%)
[46.159s][info][gc] GC(43) Garbage Collection (Proactive) 12M(60%)->10M(50%)
[48.651s][info][gc] GC(44) Garbage Collection (Proactive) 14M(70%)->12M(60%)
[50.659s][info][gc] GC(45) Garbage Collection (Proactive) 14M(70%)->12M(60%)
[51.057s][info][gc] GC(46) Garbage Collection (Allocation Rate) 14M(70%)->12M(60%)
[51.255s][info][gc] GC(47) Garbage Collection (Allocation Rate) 12M(60%)->12M(60%)
[51.346s][info][gc] GC(48) Garbage Collection (Allocation Rate) 12M(60%)->12M(60%)
[51.449s][info][gc] GC(49) Garbage Collection (Allocation Rate) 12M(60%)->12M(60%)
[51.548s][info][gc] GC(50) Garbage Collection (Allocation Rate) 12M(60%)->12M(60%)
[51.659s][info][gc] GC(51) Garbage Collection (Allocation Rate) 12M(60%)->12M(60%)
[51.746s][info][gc] GC(52) Garbage Collection (Allocation Rate) 12M(60%)->12M(60%)
[51.850s][info][gc] GC(53) Garbage Collection (Allocation Rate) 12M(60%)->12M(60%)
[51.968s][info][gc] GC(54) Garbage Collection (Allocation Rate) 12M(60%)->12M(60%)
[52.047s][info][gc] GC(55) Garbage Collection (Allocation Rate) 12M(60%)->12M(60%)
[52.149s][info][gc] GC(56) Garbage Collection (Allocation Rate) 12M(60%)->12M(60%)
[52.250s][info][gc] GC(57) Garbage Collection (Allocation Rate) 12M(60%)->12M(60%)
[52.357s][info][gc] GC(58) Garbage Collection (Allocation Rate) 12M(60%)->12M(60%)
[52.450s][info][gc] GC(59) Garbage Collection (Allocation Rate) 12M(60%)->12M(60%)
[53.253s][info][gc] GC(60) Garbage Collection (Allocation Rate) 12M(60%)->12M(60%)
[53.358s][info][gc] GC(61) Garbage Collection (Allocation Rate) 12M(60%)->12M(60%)
[53.454s][info][gc] GC(62) Garbage Collection (Allocation Rate) 12M(60%)->12M(60%)
[65.056s][info][gc] GC(63) Garbage Collection (Proactive) 14M(70%)->12M(60%)
[77.074s][info][gc] GC(64) Garbage Collection (Proactive) 14M(70%)->12M(60%)
[88.157s][info][gc] GC(65) Garbage Collection (Proactive) 14M(70%)->12M(60%)
[101.150s][info][gc] GC(66) Garbage Collection (Proactive) 14M(70%)->12M(60%)
[114.252s][info][gc] GC(67) Garbage Collection (Proactive) 14M(70%)->12M(60%)
[128.269s][info][gc] GC(68) Garbage Collection (Proactive) 14M(70%)->12M(60%)
[143.261s][info][gc] GC(69) Garbage Collection (Proactive) 14M(70%)->12M(60%)
[155.348s][info][gc] GC(70) Garbage Collection (Proactive) 14M(70%)->12M(60%)
[169.348s][info][gc] GC(71) Garbage Collection (Proactive) 14M(70%)->12M(60%)
[184.373s][info][gc] GC(72) Garbage Collection (Proactive) 14M(70%)->12M(60%)
[192.150s][info][gc] GC(73) Garbage Collection (Proactive) 14M(70%)->12M(60%)
[204.451s][info][gc] GC(74) Garbage Collection (Proactive) 14M(70%)->8M(40%)
[206.651s][info][gc] GC(75) Garbage Collection (Proactive) 10M(50%)->10M(50%)
